[www.mcadventuretime.com/dc/index.html]
[backblue.gif]
[fade.gif]
[index.html]
[www.mcadventuretime.com/dc/img/1000.png]
[www.mcadventuretime.com/dc/css/open-iconic-bootstrap.min.css]
[www.mcadventuretime.com/dc/css/animate.css]
[www.mcadventuretime.com/dc/css/owl.carousel.min2.css]
[www.mcadventuretime.com/dc/css/magnific-popup.css]
[www.mcadventuretime.com/dc/css/aos.css]
[www.mcadventuretime.com/dc/css/ionicons.min.css]
[www.mcadventuretime.com/dc/css/bootstrap-datepicker.css]
[www.mcadventuretime.com/dc/css/jquery.timepicker.css]
[www.mcadventuretime.com/dc/css/flaticon.css]
[www.mcadventuretime.com/dc/css/icomoon.css]
[www.mcadventuretime.com/dc/css/style.css]
[www.mcadventuretime.com/dc/css/dropdown.css]
[cdn.sendpulse.com/js/push/9129e52d8d5ed96c0dd4697261f0d593_1.js]
[translate.google.com/translate_a/element.e7876.delayed]
[www.mcadventuretime.com/dc/komutlar.html]
[www.mcadventuretime.com/dc/premium.html]
[www.mcadventuretime.com/dc/images/english.png]
[www.mcadventuretime.com/dc/images/german.png]
[www.mcadventuretime.com/dc/images/arabic.png]
[www.mcadventuretime.com/dc/images/russian.png]
[www.mcadventuretime.com/dc/images/france.png]
[www.mcadventuretime.com/dc/images/india.png]
[www.mcadventuretime.com/dc/images/azerbaycan.png]
[www.mcadventuretime.com/dc/images/turkish.png]
[www.mcadventuretime.com/dc/images/logu2.png]
[www.mcadventuretime.com/dc/images/logu.png]
[pagead2.googlesyndication.com/pagead/js/f.txt]
[www.mcadventuretime.com/dc/images/bg_1.jpg]
[www.mcadventuretime.com/dc/images/zulafenomen.jpg]
[www.mcadventuretime.com/dc/images/halilorenler.jpg]
[www.muratkim.com/wp-content/uploads/2020/03/191125_Taylor_Swift_at_the_2019_American_Music_Awards-1-193x300.png]
[www.muratkim.com/wp-content/uploads/2020/03/chocolate-cake-on-white-ceramic-plate-3840200-300x169.jpg]
[www.muratkim.com/wp-content/uploads/2020/03/nature-flowers-spring-cherry-72473-1-300x200.jpg]
[www.mcadventuretime.com/cdn-cgi/scripts/5c5dd728/cloudflare-static/email-decode.min.js]
[images.dmca.com/Badges/dmca-badge-w100-5x1-11f1b9.png]
[images.dmca.com/Badges/DMCABadgeHelper.min.js]
[www.mcadventuretime.com/dc/js/jquery.min.js]
[www.mcadventuretime.com/dc/js/jquery-migrate-3.0.1.min.js]
[www.mcadventuretime.com/dc/js/popper.min.js]
[www.mcadventuretime.com/dc/js/bootstrap.min.js]
[www.mcadventuretime.com/dc/js/jquery.easing.1.3.js]
[www.mcadventuretime.com/dc/js/jquery.waypoints.min.js]
[www.mcadventuretime.com/dc/js/jquery.stellar.min.js]
[www.mcadventuretime.com/dc/js/owl.carousel.min.js]
[www.mcadventuretime.com/dc/js/jquery.magnific-popup.min.js]
[www.mcadventuretime.com/dc/js/aos.js]
[www.mcadventuretime.com/dc/js/jquery.animateNumber.min.js]
[www.mcadventuretime.com/dc/js/bootstrap-datepicker.js]
[www.mcadventuretime.com/dc/js/jquery.timepicker.min.js]
[www.mcadventuretime.com/dc/js/scrollax.min.js]
[www.mcadventuretime.com/dc/js/google-map.js]
[www.mcadventuretime.com/dc/js/main.js]
[ajax.cloudflare.com/cdn-cgi/scripts/7089c43e/cloudflare-static/rocket-loader.min.js]
[www.mcadventuretime.com/dc/index.html]
[www.mcadventuretime.com/dc/img/1000.html]
[static.cloudflareinsights.com/beacon.min.js]
[www.mcadventuretime.com/dc/fonts/open-iconic/open-iconic.eot]
[www.mcadventuretime.com/dc/fonts/open-iconic/open-iconicd41d.eot]
[www.mcadventuretime.com/dc/fonts/open-iconic/open-iconic.woff]
[www.mcadventuretime.com/dc/fonts/open-iconic/open-iconic.ttf]
[www.mcadventuretime.com/dc/fonts/open-iconic/open-iconic.otf]
[www.mcadventuretime.com/dc/css/open-iconic-bootstrap.min.css]
[www.mcadventuretime.com/dc/css/animate.css]
[www.mcadventuretime.com/dc/fonts/open-iconic/open-iconic.svg]
[www.mcadventuretime.com/dc/css/owl.video.play.png]
[www.mcadventuretime.com/dc/css/owl.carousel.min2.css]
[www.mcadventuretime.com/dc/css/magnific-popup.css]
[www.mcadventuretime.com/dc/css/aos.css]
[www.mcadventuretime.com/dc/fonts/ionicons/fonts/ionicons580c.eot]
[www.mcadventuretime.com/dc/fonts/ionicons/fonts/ionicons580c.woff2]
[www.mcadventuretime.com/dc/fonts/ionicons/fonts/ionicons580c.woff]
[www.mcadventuretime.com/dc/fonts/ionicons/fonts/ionicons580c.ttf]
[www.mcadventuretime.com/dc/css/ionicons.min.css]
[www.mcadventuretime.com/dc/css/bootstrap-datepicker.css]
[www.mcadventuretime.com/dc/css/jquery.timepicker.css]
[www.mcadventuretime.com/dc/fonts/ionicons/fonts/ionicons580c.svg]
[www.mcadventuretime.com/dc/fonts/flaticon/font/Flaticon.eot]
[www.mcadventuretime.com/dc/fonts/flaticon/font/Flaticond41d.eot]
[www.mcadventuretime.com/dc/fonts/flaticon/font/Flaticon.woff]
[www.mcadventuretime.com/dc/fonts/flaticon/font/Flaticon.ttf]
[www.mcadventuretime.com/dc/css/flaticon.css]
[www.mcadventuretime.com/dc/fonts/flaticon/font/Flaticon.svg]
[www.mcadventuretime.com/dc/fonts/icomoon/icomoonccfb.eot]
[www.mcadventuretime.com/dc/fonts/icomoon/icomoonccfb.ttf]
[www.mcadventuretime.com/dc/fonts/icomoon/icomoonccfb.woff]
[www.mcadventuretime.com/dc/css/icomoon.css]
[www.mcadventuretime.com/dc/fonts/icomoon/icomoonccfb.svg]
[www.mcadventuretime.com/dc/css/images/whitenoise-361x370.png]
[www.mcadventuretime.com/dc/css/style.css]
[www.mcadventuretime.com/dc/css/dropdown.css]
[translate.google.com/translate_a/element7876.html]
[www.mcadventuretime.com/css/searchicon.png]
[www.mcadventuretime.com/dc/komutlar.html]
[www.mcadventuretime.com/dc/premium.html]
[www.mcadventuretime.com/dc/js/jquery.timepicker.min.html]
[www.mcadventuretime.com/dc/fonts/open-iconic/open-iconic.svg]
[www.mcadventuretime.com/dc/css/owl.video.play.html]
[www.mcadventuretime.com/dc/fonts/ionicons/fonts/ionicons580c.svg]
[www.mcadventuretime.com/dc/fonts/flaticon/font/Flaticon.svg]
[www.mcadventuretime.com/dc/fonts/icomoon/icomoonccfb.svg]
[www.mcadventuretime.com/dc/css/images/whitenoise-361x370.html]
[www.mcadventuretime.com/css/searchicon.html]
